ARM Linker, 5.03 [Build 76] [MDK-ARM Lite]

==============================================================================

Section Cross References

    startup.o(STACK) refers (Special) to heapauxi.o(.text) for __use_two_region_memory
    startup.o(HEAP) refers (Special) to heapauxi.o(.text) for __use_two_region_memory
    startup.o(RESET) refers (Special) to heapauxi.o(.text) for __use_two_region_memory
    startup.o(RESET) refers to startup.o(STACK) for StackMem
    startup.o(RESET) refers to spaceinvaders.o(i.GPIOPortF_Handler) for GPIOPortF_Handler
    startup.o(RESET) refers to texas.o(i.Timer4A_Handler) for Timer4A_Handler
    startup.o(RESET) refers to texas.o(i.Timer5A_Handler) for Timer5A_Handler
    startup.o(RESET) refers to __main.o(!!!main) for __main
    startup.o(.text) refers (Special) to heapauxi.o(.text) for __use_two_region_memory
    startup.o(.text) refers to startup.o(HEAP) for HeapMem
    startup.o(.text) refers to startup.o(STACK) for StackMem
    nokia5110.o(i.Nokia5110_Clear) refers to nokia5110.o(i.lcdwrite) for lcdwrite
    nokia5110.o(i.Nokia5110_Clear) refers to nokia5110.o(i.Nokia5110_SetCursor) for Nokia5110_SetCursor
    nokia5110.o(i.Nokia5110_ClearBuffer) refers to nokia5110.o(.bss) for Screen
    nokia5110.o(i.Nokia5110_DisplayBuffer) refers to nokia5110.o(i.Nokia5110_DrawFullImage) for Nokia5110_DrawFullImage
    nokia5110.o(i.Nokia5110_DisplayBuffer) refers to nokia5110.o(.bss) for Screen
    nokia5110.o(i.Nokia5110_DrawFullImage) refers to nokia5110.o(i.Nokia5110_SetCursor) for Nokia5110_SetCursor
    nokia5110.o(i.Nokia5110_DrawFullImage) refers to nokia5110.o(i.lcdwrite) for lcdwrite
    nokia5110.o(i.Nokia5110_Init) refers to nokia5110.o(i.lcdwrite) for lcdwrite
    nokia5110.o(i.Nokia5110_OutChar) refers to nokia5110.o(i.lcdwrite) for lcdwrite
    nokia5110.o(i.Nokia5110_OutChar) refers to nokia5110.o(.constdata) for ASCII
    nokia5110.o(i.Nokia5110_OutString) refers to nokia5110.o(i.Nokia5110_OutChar) for Nokia5110_OutChar
    nokia5110.o(i.Nokia5110_OutUDec) refers to nokia5110.o(i.Nokia5110_OutString) for Nokia5110_OutString
    nokia5110.o(i.Nokia5110_OutUDec) refers to nokia5110.o(i.Nokia5110_OutChar) for Nokia5110_OutChar
    nokia5110.o(i.Nokia5110_PrintBMP) refers to nokia5110.o(.bss) for Screen
    nokia5110.o(i.Nokia5110_SetCursor) refers to nokia5110.o(i.lcdwrite) for lcdwrite
    random.o(.text) refers to random.o(DATA) for M
    spaceinvaders.o(i.EdgeCounter_Init) refers to startup.o(.text) for EnableInterrupts
    spaceinvaders.o(i.GPIOPortF_Handler) refers to spaceinvaders.o(.constdata) for car
    spaceinvaders.o(i.GPIOPortF_Handler) refers to spaceinvaders.o(.data) for h
    spaceinvaders.o(i.main) refers to spaceinvaders.o(i.PortF_Init) for PortF_Init
    spaceinvaders.o(i.main) refers to spaceinvaders.o(i.EdgeCounter_Init) for EdgeCounter_Init
    spaceinvaders.o(i.main) refers to texas.o(i.TExaS_Init) for TExaS_Init
    spaceinvaders.o(i.main) refers to random.o(.text) for Random_Init
    spaceinvaders.o(i.main) refers to nokia5110.o(i.Nokia5110_Init) for Nokia5110_Init
    spaceinvaders.o(i.main) refers to rand.o(.emb_text) for rand
    spaceinvaders.o(i.main) refers to spaceinvaders.o(i.Delay100ms) for Delay100ms
    spaceinvaders.o(i.main) refers to nokia5110.o(i.Nokia5110_Clear) for Nokia5110_Clear
    spaceinvaders.o(i.main) refers to nokia5110.o(i.Nokia5110_SetCursor) for Nokia5110_SetCursor
    spaceinvaders.o(i.main) refers to nokia5110.o(i.Nokia5110_OutString) for Nokia5110_OutString
    spaceinvaders.o(i.main) refers to nokia5110.o(i.Nokia5110_OutUDec) for Nokia5110_OutUDec
    spaceinvaders.o(i.main) refers to spaceinvaders.o(.constdata) for car
    spaceinvaders.o(i.main) refers to spaceinvaders.o(.data) for v1
    texas.o(i.SetCode) refers to texas.o(.bss) for TExaS
    texas.o(i.SetCourse) refers to texas.o(.bss) for TExaS
    texas.o(i.SetMode) refers to texas.o(.bss) for TExaS
    texas.o(i.StartTimer4) refers to texas.o(.data) for ScopeCount
    texas.o(i.TExaS_Init) refers to texas.o(i.PLL_Init) for PLL_Init
    texas.o(i.TExaS_Init) refers to texas.o(i.SetCourse) for SetCourse
    texas.o(i.TExaS_Init) refers to texas.o(i.UART0_Init) for UART0_Init
    texas.o(i.TExaS_Init) refers to texas.o(i.SetCode) for SetCode
    texas.o(i.TExaS_Init) refers to texas.o(i.ADC1_Init) for ADC1_Init
    texas.o(i.TExaS_Init) refers to texas.o(.constdata) for IntroMsg
    texas.o(i.TExaS_Init) refers to texas.o(.bss) for TExaS
    texas.o(i.TExaS_Init) refers to texas.o(.data) for LastMode
    texas.o(i.Timer5A_Handler) refers to texas.o(i.ADC1_In) for ADC1_In
    texas.o(i.Timer5A_Handler) refers to texas.o(.data) for TExaS_Period
    rand.o(.emb_text) refers (Special) to libinit2.o(.ARM.Collect$$libinit$$0000000B) for __rt_lib_init_rand_2
    rand.o(.emb_text) refers to rand.o(.text) for _rand_init
    rand.o(.emb_text) refers to rand.o(.bss) for _random_number_data
    rand.o(.text) refers (Special) to libinit2.o(.ARM.Collect$$libinit$$0000000B) for __rt_lib_init_rand_2
    rand.o(.text) refers to rand.o(.bss) for .bss
    rand.o(.bss) refers (Special) to libinit2.o(.ARM.Collect$$libinit$$0000000B) for __rt_lib_init_rand_2
    __main.o(!!!main) refers to rtentry.o(.ARM.Collect$$rtentry$$00000000) for __rt_entry
    rtentry.o(.ARM.Collect$$rtentry$$00000000) refers (Special) to rtentry2.o(.ARM.Collect$$rtentry$$0000000A) for __rt_entry_li
    rtentry.o(.ARM.Collect$$rtentry$$00000000) refers (Special) to rtentry2.o(.ARM.Collect$$rtentry$$0000000D) for __rt_entry_main
    rtentry.o(.ARM.Collect$$rtentry$$00000000) refers (Special) to rtentry2.o(.ARM.Collect$$rtentry$$0000000C) for __rt_entry_postli_1
    rtentry.o(.ARM.Collect$$rtentry$$00000000) refers (Special) to rtentry2.o(.ARM.Collect$$rtentry$$00000009) for __rt_entry_postsh_1
    rtentry.o(.ARM.Collect$$rtentry$$00000000) refers (Special) to rtentry2.o(.ARM.Collect$$rtentry$$00000002) for __rt_entry_presh_1
    rtentry.o(.ARM.Collect$$rtentry$$00000000) refers (Special) to rtentry4.o(.ARM.Collect$$rtentry$$00000004) for __rt_entry_sh
    libinit2.o(.ARM.Collect$$libinit$$0000000B) refers (Weak) to rand.o(.text) for _rand_init
    libinit2.o(.ARM.Collect$$libinit$$0000000E) refers to libinit2.o(.ARM.Collect$$libinit$$0000000D) for .ARM.Collect$$libinit$$0000000D
    libinit2.o(.ARM.Collect$$libinit$$00000010) refers to libinit2.o(.ARM.Collect$$libinit$$0000000D) for .ARM.Collect$$libinit$$0000000D
    libinit2.o(.ARM.Collect$$libinit$$00000012) refers to libinit2.o(.ARM.Collect$$libinit$$0000000D) for .ARM.Collect$$libinit$$0000000D
    libinit2.o(.ARM.Collect$$libinit$$00000014) refers to libinit2.o(.ARM.Collect$$libinit$$0000000D) for .ARM.Collect$$libinit$$0000000D
    libinit2.o(.ARM.Collect$$libinit$$00000016) refers to libinit2.o(.ARM.Collect$$libinit$$0000000D) for .ARM.Collect$$libinit$$0000000D
    libinit2.o(.ARM.Collect$$libinit$$00000024) refers to argv_veneer.o(.emb_text) for __ARM_argv_veneer
    libinit2.o(.ARM.Collect$$libinit$$00000025) refers to argv_veneer.o(.emb_text) for __ARM_argv_veneer
    rtentry2.o(.ARM.Collect$$rtentry$$00000008) refers to boardinit2.o(.text) for _platform_post_stackheap_init
    rtentry2.o(.ARM.Collect$$rtentry$$0000000A) refers to libinit.o(.ARM.Collect$$libinit$$00000000) for __rt_lib_init
    rtentry2.o(.ARM.Collect$$rtentry$$0000000B) refers to boardinit3.o(.text) for _platform_post_lib_init
    rtentry2.o(.ARM.Collect$$rtentry$$0000000D) refers to spaceinvaders.o(i.main) for main
    rtentry2.o(.ARM.Collect$$rtentry$$0000000D) refers to exit.o(.text) for exit
    rtentry2.o(.ARM.exidx) refers to rtentry2.o(.ARM.Collect$$rtentry$$00000001) for .ARM.Collect$$rtentry$$00000001
    rtentry2.o(.ARM.exidx) refers to rtentry2.o(.ARM.Collect$$rtentry$$00000008) for .ARM.Collect$$rtentry$$00000008
    rtentry2.o(.ARM.exidx) refers to rtentry2.o(.ARM.Collect$$rtentry$$0000000A) for .ARM.Collect$$rtentry$$0000000A
    rtentry2.o(.ARM.exidx) refers to rtentry2.o(.ARM.Collect$$rtentry$$0000000B) for .ARM.Collect$$rtentry$$0000000B
    rtentry2.o(.ARM.exidx) refers to rtentry2.o(.ARM.Collect$$rtentry$$0000000D) for .ARM.Collect$$rtentry$$0000000D
    rtentry4.o(.ARM.Collect$$rtentry$$00000004) refers to sys_stackheap_outer.o(.text) for __user_setup_stackheap
    rtentry4.o(.ARM.exidx) refers to rtentry4.o(.ARM.Collect$$rtentry$$00000004) for .ARM.Collect$$rtentry$$00000004
    argv_veneer.o(.emb_text) refers to no_argv.o(.text) for __ARM_get_argv
    sys_stackheap_outer.o(.text) refers to libspace.o(.text) for __user_perproc_libspace
    sys_stackheap_outer.o(.text) refers to startup.o(.text) for __user_initial_stackheap
    exit.o(.text) refers to rtexit.o(.ARM.Collect$$rtexit$$00000000) for __rt_exit
    _get_argv_nomalloc.o(.text) refers (Special) to hrguard.o(.text) for __heap_region$guard
    _get_argv_nomalloc.o(.text) refers to defsig_rtmem_outer.o(.text) for __rt_SIGRTMEM
    _get_argv_nomalloc.o(.text) refers to sys_command.o(.text) for _sys_command_string
    libinit.o(.ARM.Collect$$libinit$$00000000) refers (Special) to libinit2.o(.ARM.Collect$$libinit$$0000002C) for __rt_lib_init_alloca_1
    libinit.o(.ARM.Collect$$libinit$$00000000) refers (Special) to libinit2.o(.ARM.Collect$$libinit$$0000002A) for __rt_lib_init_argv_1
    libinit.o(.ARM.Collect$$libinit$$00000000) refers (Special) to libinit2.o(.ARM.Collect$$libinit$$00000019) for __rt_lib_init_atexit_1
    libinit.o(.ARM.Collect$$libinit$$00000000) refers (Special) to libinit2.o(.ARM.Collect$$libinit$$0000001F) for __rt_lib_init_clock_1
    libinit.o(.ARM.Collect$$libinit$$00000000) refers (Special) to libinit2.o(.ARM.Collect$$libinit$$00000030) for __rt_lib_init_cpp_1
    libinit.o(.ARM.Collect$$libinit$$00000000) refers (Special) to libinit2.o(.ARM.Collect$$libinit$$0000002E) for __rt_lib_init_exceptions_1
    libinit.o(.ARM.Collect$$libinit$$00000000) refers (Special) to libinit2.o(.ARM.Collect$$libinit$$00000002) for __rt_lib_init_fp_1
    libinit.o(.ARM.Collect$$libinit$$00000000) refers (Special) to libinit2.o(.ARM.Collect$$libinit$$0000001D) for __rt_lib_init_fp_trap_1
    libinit.o(.ARM.Collect$$libinit$$00000000) refers (Special) to libinit2.o(.ARM.Collect$$libinit$$00000021) for __rt_lib_init_getenv_1
    libinit.o(.ARM.Collect$$libinit$$00000000) refers (Special) to libinit2.o(.ARM.Collect$$libinit$$00000008) for __rt_lib_init_heap_1
    libinit.o(.ARM.Collect$$libinit$$00000000) refers (Special) to libinit2.o(.ARM.Collect$$libinit$$0000000F) for __rt_lib_init_lc_collate_1
    libinit.o(.ARM.Collect$$libinit$$00000000) refers (Special) to libinit2.o(.ARM.Collect$$libinit$$00000011) for __rt_lib_init_lc_ctype_1
    libinit.o(.ARM.Collect$$libinit$$00000000) refers (Special) to libinit2.o(.ARM.Collect$$libinit$$00000013) for __rt_lib_init_lc_monetary_1
    libinit.o(.ARM.Collect$$libinit$$00000000) refers (Special) to libinit2.o(.ARM.Collect$$libinit$$00000015) for __rt_lib_init_lc_numeric_1
    libinit.o(.ARM.Collect$$libinit$$00000000) refers (Special) to libinit2.o(.ARM.Collect$$libinit$$00000017) for __rt_lib_init_lc_time_1
    libinit.o(.ARM.Collect$$libinit$$00000000) refers (Special) to libinit2.o(.ARM.Collect$$libinit$$0000000C) for __rt_lib_init_rand_1
    libinit.o(.ARM.Collect$$libinit$$00000000) refers (Special) to libinit2.o(.ARM.Collect$$libinit$$00000031) for __rt_lib_init_return
    libinit.o(.ARM.Collect$$libinit$$00000000) refers (Special) to libinit2.o(.ARM.Collect$$libinit$$0000001B) for __rt_lib_init_signal_1
    libinit.o(.ARM.Collect$$libinit$$00000000) refers (Special) to libinit2.o(.ARM.Collect$$libinit$$00000023) for __rt_lib_init_stdio_1
    libinit.o(.ARM.Collect$$libinit$$00000000) refers (Special) to libinit2.o(.ARM.Collect$$libinit$$0000000A) for __rt_lib_init_user_alloc_1
    sys_command.o(.text) refers (Special) to use_no_semi.o(.text) for __I$use$semihosting
    sys_command.o(.text) refers (Special) to indicate_semi.o(.text) for __semihosting_library_function
    libspace.o(.text) refers to libspace.o(.bss) for __libspace_start
    rtexit.o(.ARM.Collect$$rtexit$$00000000) refers (Special) to rtexit2.o(.ARM.Collect$$rtexit$$00000004) for __rt_exit_exit
    rtexit.o(.ARM.Collect$$rtexit$$00000000) refers (Special) to rtexit2.o(.ARM.Collect$$rtexit$$00000003) for __rt_exit_ls
    rtexit.o(.ARM.Collect$$rtexit$$00000000) refers (Special) to rtexit2.o(.ARM.Collect$$rtexit$$00000002) for __rt_exit_prels_1
    rtexit.o(.ARM.exidx) refers (Special) to rtexit2.o(.ARM.Collect$$rtexit$$00000004) for __rt_exit_exit
    rtexit.o(.ARM.exidx) refers (Special) to rtexit2.o(.ARM.Collect$$rtexit$$00000003) for __rt_exit_ls
    rtexit.o(.ARM.exidx) refers (Special) to rtexit2.o(.ARM.Collect$$rtexit$$00000002) for __rt_exit_prels_1
    rtexit.o(.ARM.exidx) refers to rtexit.o(.ARM.Collect$$rtexit$$00000000) for .ARM.Collect$$rtexit$$00000000
    defsig_rtmem_outer.o(.text) refers to defsig_rtmem_inner.o(.text) for __rt_SIGRTMEM_inner
    defsig_rtmem_outer.o(.text) refers to defsig_exit.o(.text) for __sig_exit
    defsig_rtmem_formal.o(.text) refers to rt_raise.o(.text) for __rt_raise
    rtexit2.o(.ARM.Collect$$rtexit$$00000003) refers to libshutdown.o(.ARM.Collect$$libshutdown$$00000000) for __rt_lib_shutdown
    rtexit2.o(.ARM.Collect$$rtexit$$00000004) refers to sys_exit.o(.text) for _sys_exit
    rtexit2.o(.ARM.exidx) refers to rtexit2.o(.ARM.Collect$$rtexit$$00000001) for .ARM.Collect$$rtexit$$00000001
    rtexit2.o(.ARM.exidx) refers to rtexit2.o(.ARM.Collect$$rtexit$$00000003) for .ARM.Collect$$rtexit$$00000003
    rtexit2.o(.ARM.exidx) refers to rtexit2.o(.ARM.Collect$$rtexit$$00000004) for .ARM.Collect$$rtexit$$00000004
    rt_raise.o(.text) refers to __raise.o(.text) for __raise
    rt_raise.o(.text) refers to sys_exit.o(.text) for _sys_exit
    defsig_exit.o(.text) refers to sys_exit.o(.text) for _sys_exit
    defsig_rtmem_inner.o(.text) refers to defsig_general.o(.text) for __default_signal_display
    sys_exit.o(.text) refers (Special) to use_no_semi.o(.text) for __I$use$semihosting
    sys_exit.o(.text) refers (Special) to indicate_semi.o(.text) for __semihosting_library_function
    __raise.o(.text) refers to defsig.o(CL$$defsig) for __default_signal_handler
    defsig_general.o(.text) refers to sys_wrch.o(.text) for _ttywrch
    libshutdown.o(.ARM.Collect$$libshutdown$$00000000) refers (Special) to libshutdown2.o(.ARM.Collect$$libshutdown$$00000006) for __rt_lib_shutdown_fp_trap_1
    libshutdown.o(.ARM.Collect$$libshutdown$$00000000) refers (Special) to libshutdown2.o(.ARM.Collect$$libshutdown$$0000000E) for __rt_lib_shutdown_heap_1
    libshutdown.o(.ARM.Collect$$libshutdown$$00000000) refers (Special) to libshutdown2.o(.ARM.Collect$$libshutdown$$0000000F) for __rt_lib_shutdown_return
    libshutdown.o(.ARM.Collect$$libshutdown$$00000000) refers (Special) to libshutdown2.o(.ARM.Collect$$libshutdown$$00000009) for __rt_lib_shutdown_signal_1
    libshutdown.o(.ARM.Collect$$libshutdown$$00000000) refers (Special) to libshutdown2.o(.ARM.Collect$$libshutdown$$00000003) for __rt_lib_shutdown_stdio_1
    libshutdown.o(.ARM.Collect$$libshutdown$$00000000) refers (Special) to libshutdown2.o(.ARM.Collect$$libshutdown$$0000000B) for __rt_lib_shutdown_user_alloc_1
    sys_wrch.o(.text) refers (Special) to use_no_semi.o(.text) for __I$use$semihosting
    sys_wrch.o(.text) refers (Special) to indicate_semi.o(.text) for __semihosting_library_function
    defsig.o(CL$$defsig) refers to defsig_rtmem_inner.o(.text) for __rt_SIGRTMEM_inner
    defsig_abrt_inner.o(.text) refers to defsig_general.o(.text) for __default_signal_display
    defsig_fpe_inner.o(.text) refers to defsig_general.o(.text) for __default_signal_display
    defsig_rtred_inner.o(.text) refers to defsig_general.o(.text) for __default_signal_display
    defsig_stak_inner.o(.text) refers to defsig_general.o(.text) for __default_signal_display
    defsig_pvfn_inner.o(.text) refers to defsig_general.o(.text) for __default_signal_display
    defsig_cppl_inner.o(.text) refers to defsig_general.o(.text) for __default_signal_display
    defsig_segv_inner.o(.text) refers to defsig_general.o(.text) for __default_signal_display
    defsig_other.o(.text) refers to defsig_general.o(.text) for __default_signal_display


==============================================================================

Removing Unused input sections from the image.

    Removing nokia5110.o(i.Nokia5110_ClearBuffer), (24 bytes).
    Removing nokia5110.o(i.Nokia5110_DisplayBuffer), (16 bytes).
    Removing nokia5110.o(i.Nokia5110_DrawFullImage), (34 bytes).
    Removing nokia5110.o(i.Nokia5110_PrintBMP), (424 bytes).
    Removing nokia5110.o(.bss), (504 bytes).
    Removing texas.o(i.SetMode), (24 bytes).
    Removing texas.o(i.StartTimer4), (36 bytes).
    Removing texas.o(i.StopTimer4), (24 bytes).
    Removing texas.o(i.TExaS_Stop), (28 bytes).
    Removing texas.o(i.UART0_InChar), (24 bytes).
    Removing texas.o(i.UART0_InCharNonBlocking), (28 bytes).
    Removing texas.o(i.UART0_OutChar), (24 bytes).
    Removing texas.o(i.UART0_OutCharNonBlock), (12 bytes).
    Removing texas.o(i.copy), (18 bytes).

14 unused section(s) (total 1220 bytes) removed from the image.

==============================================================================

Memory Map of the image

  Image Entry point : 0x00000000

  Load Region LR_1 (Base: 0x00000000, Size: 0x00001924, Max: 0xffffffff, ABSOLUTE)

    Execution Region ER_RO (Base: 0x00000000, Size: 0x000018d0, Max: 0xffffffff, ABSOLUTE)

    Base Addr    Size         Type   Attr      Idx    E Section Name        Object

    0x00000000   0x00000284   Code   RO            3  * RESET               startup.o
    0x00000284   0x00000008   Code   RO          285  * !!!main             c_w.l(__main.o)
    0x0000028c   0x00000002   Code   RO          363    .ARM.Collect$$libinit$$00000000  c_w.l(libinit.o)
    0x0000028e   0x00000000   Code   RO          289    .ARM.Collect$$libinit$$00000002  c_w.l(libinit2.o)
    0x0000028e   0x00000000   Code   RO          292    .ARM.Collect$$libinit$$00000008  c_w.l(libinit2.o)
    0x0000028e   0x00000000   Code   RO          294    .ARM.Collect$$libinit$$0000000A  c_w.l(libinit2.o)
    0x0000028e   0x00000004   Code   RO          295    .ARM.Collect$$libinit$$0000000B  c_w.l(libinit2.o)
    0x00000292   0x00000000   Code   RO          296    .ARM.Collect$$libinit$$0000000C  c_w.l(libinit2.o)
    0x00000292   0x00000000   Code   RO          299    .ARM.Collect$$libinit$$0000000F  c_w.l(libinit2.o)
    0x00000292   0x00000000   Code   RO          301    .ARM.Collect$$libinit$$00000011  c_w.l(libinit2.o)
    0x00000292   0x00000000   Code   RO          303    .ARM.Collect$$libinit$$00000013  c_w.l(libinit2.o)
    0x00000292   0x00000000   Code   RO          305    .ARM.Collect$$libinit$$00000015  c_w.l(libinit2.o)
    0x00000292   0x00000000   Code   RO          307    .ARM.Collect$$libinit$$00000017  c_w.l(libinit2.o)
    0x00000292   0x00000000   Code   RO          309    .ARM.Collect$$libinit$$00000019  c_w.l(libinit2.o)
    0x00000292   0x00000000   Code   RO          311    .ARM.Collect$$libinit$$0000001B  c_w.l(libinit2.o)
    0x00000292   0x00000000   Code   RO          313    .ARM.Collect$$libinit$$0000001D  c_w.l(libinit2.o)
    0x00000292   0x00000000   Code   RO          315    .ARM.Collect$$libinit$$0000001F  c_w.l(libinit2.o)
    0x00000292   0x00000000   Code   RO          317    .ARM.Collect$$libinit$$00000021  c_w.l(libinit2.o)
    0x00000292   0x00000000   Code   RO          319    .ARM.Collect$$libinit$$00000023  c_w.l(libinit2.o)
    0x00000292   0x00000000   Code   RO          323    .ARM.Collect$$libinit$$0000002A  c_w.l(libinit2.o)
    0x00000292   0x00000000   Code   RO          325    .ARM.Collect$$libinit$$0000002C  c_w.l(libinit2.o)
    0x00000292   0x00000000   Code   RO          327    .ARM.Collect$$libinit$$0000002E  c_w.l(libinit2.o)
    0x00000292   0x00000000   Code   RO          329    .ARM.Collect$$libinit$$00000030  c_w.l(libinit2.o)
    0x00000292   0x00000002   Code   RO          330    .ARM.Collect$$libinit$$00000031  c_w.l(libinit2.o)
    0x00000294   0x00000002   Code   RO          401    .ARM.Collect$$libshutdown$$00000000  c_w.l(libshutdown.o)
    0x00000296   0x00000000   Code   RO          408    .ARM.Collect$$libshutdown$$00000003  c_w.l(libshutdown2.o)
    0x00000296   0x00000000   Code   RO          411    .ARM.Collect$$libshutdown$$00000006  c_w.l(libshutdown2.o)
    0x00000296   0x00000000   Code   RO          414    .ARM.Collect$$libshutdown$$00000009  c_w.l(libshutdown2.o)
    0x00000296   0x00000000   Code   RO          416    .ARM.Collect$$libshutdown$$0000000B  c_w.l(libshutdown2.o)
    0x00000296   0x00000000   Code   RO          419    .ARM.Collect$$libshutdown$$0000000E  c_w.l(libshutdown2.o)
    0x00000296   0x00000002   Code   RO          420    .ARM.Collect$$libshutdown$$0000000F  c_w.l(libshutdown2.o)
    0x00000298   0x00000000   Code   RO          287    .ARM.Collect$$rtentry$$00000000  c_w.l(rtentry.o)
    0x00000298   0x00000000   Code   RO          332    .ARM.Collect$$rtentry$$00000002  c_w.l(rtentry2.o)
    0x00000298   0x00000006   Code   RO          344    .ARM.Collect$$rtentry$$00000004  c_w.l(rtentry4.o)
    0x0000029e   0x00000000   Code   RO          334    .ARM.Collect$$rtentry$$00000009  c_w.l(rtentry2.o)
    0x0000029e   0x00000004   Code   RO          335    .ARM.Collect$$rtentry$$0000000A  c_w.l(rtentry2.o)
    0x000002a2   0x00000000   Code   RO          337    .ARM.Collect$$rtentry$$0000000C  c_w.l(rtentry2.o)
    0x000002a2   0x00000008   Code   RO          338    .ARM.Collect$$rtentry$$0000000D  c_w.l(rtentry2.o)
    0x000002aa   0x00000002   Code   RO          369    .ARM.Collect$$rtexit$$00000000  c_w.l(rtexit.o)
    0x000002ac   0x00000000   Code   RO          381    .ARM.Collect$$rtexit$$00000002  c_w.l(rtexit2.o)
    0x000002ac   0x00000004   Code   RO          382    .ARM.Collect$$rtexit$$00000003  c_w.l(rtexit2.o)
    0x000002b0   0x00000006   Code   RO          383    .ARM.Collect$$rtexit$$00000004  c_w.l(rtexit2.o)
    0x000002b6   0x00000002   PAD
    0x000002b8   0x00000034   Code   RO          278    .emb_text           c_w.l(rand.o)
    0x000002ec   0x00000030   Code   RO            4    .text               startup.o
    0x0000031c   0x00000040   Code   RO           92    .text               random.o
    0x0000035c   0x0000003c   Code   RO          279    .text               c_w.l(rand.o)
    0x00000398   0x00000006   Code   RO          283    .text               c_w.l(heapauxi.o)
    0x0000039e   0x0000004a   Code   RO          350    .text               c_w.l(sys_stackheap_outer.o)
    0x000003e8   0x0000000c   Code   RO          352    .text               c_w.l(exit.o)
    0x000003f4   0x00000008   Code   RO          366    .text               c_w.l(libspace.o)
    0x000003fc   0x00000002   Code   RO          377    .text               c_w.l(use_no_semi.o)
    0x000003fe   0x00000000   Code   RO          379    .text               c_w.l(indicate_semi.o)
    0x000003fe   0x00000002   PAD
    0x00000400   0x0000000c   Code   RO          393    .text               c_w.l(sys_exit.o)
    0x0000040c   0x0000000c   Code   RO          157    i.ADC1_In           texas.o
    0x00000418   0x000000d4   Code   RO          158    i.ADC1_Init         texas.o
    0x000004ec   0x00000024   Code   RO           95    i.Delay100ms        spaceinvaders.o
    0x00000510   0x0000016c   Code   RO           96    i.EdgeCounter_Init  spaceinvaders.o
    0x0000067c   0x00000078   Code   RO           97    i.GPIOPortF_Handler  spaceinvaders.o
    0x000006f4   0x00000020   Code   RO           12    i.Nokia5110_Clear   nokia5110.o
    0x00000714   0x0000016c   Code   RO           16    i.Nokia5110_Init    nokia5110.o
    0x00000880   0x00000038   Code   RO           17    i.Nokia5110_OutChar  nokia5110.o
    0x000008b8   0x00000016   Code   RO           18    i.Nokia5110_OutString  nokia5110.o
    0x000008ce   0x00000002   PAD
    0x000008d0   0x0000019c   Code   RO           19    i.Nokia5110_OutUDec  nokia5110.o
    0x00000a6c   0x00000030   Code   RO           21    i.Nokia5110_SetCursor  nokia5110.o
    0x00000a9c   0x0000007c   Code   RO          159    i.PLL_Init          texas.o
    0x00000b18   0x00000078   Code   RO           98    i.PortF_Init        spaceinvaders.o
    0x00000b90   0x00000018   Code   RO          160    i.SetCode           texas.o
    0x00000ba8   0x00000018   Code   RO          161    i.SetCourse         texas.o
    0x00000bc0   0x000001c4   Code   RO          165    i.TExaS_Init        texas.o
    0x00000d84   0x00000020   Code   RO          167    i.Timer4A_Handler   texas.o
    0x00000da4   0x00000030   Code   RO          168    i.Timer5A_Handler   texas.o
    0x00000dd4   0x000000c0   Code   RO          171    i.UART0_Init        texas.o
    0x00000e94   0x0000004c   Code   RO           22    i.lcdwrite          nokia5110.o
    0x00000ee0   0x00000260   Code   RO           99    i.main              spaceinvaders.o
    0x00001140   0x000001e0   Data   RO           24    .constdata          nokia5110.o
    0x00001320   0x00000445   Data   RO          100    .constdata          spaceinvaders.o
    0x00001765   0x00000168   Data   RO          176    .constdata          texas.o
    0x000018cd   0x00000003   PAD
    0x000018d0   0x00000000   Data   RO          437    Region$$Table       anon$$obj.o


    Execution Region ER_RW (Base: 0x20000000, Size: 0x00000054, Max: 0xffffffff, ABSOLUTE)

    Base Addr    Size         Type   Attr      Idx    E Section Name        Object

    0x20000000   0x0000001c   Data   RW          101    .data               spaceinvaders.o
    0x2000001c   0x00000034   Data   RW          177    .data               texas.o
    0x20000050   0x00000004   Data   RW           91    DATA                random.o


    Execution Region ER_ZI (Base: 0x20000054, Size: 0x00000584, Max: 0xffffffff, ABSOLUTE)

    Base Addr    Size         Type   Attr      Idx    E Section Name        Object

    0x20000054   0x00000004   PAD
    0x20000058   0x00000038   Zero   RW          175    .bss                texas.o
    0x20000090   0x000000e4   Zero   RW          280    .bss                c_w.l(rand.o)
    0x20000174   0x00000060   Zero   RW          367    .bss                c_w.l(libspace.o)
    0x200001d4   0x00000004   PAD
    0x200001d8   0x00000000   Zero   RW            2    HEAP                startup.o
    0x200001d8   0x00000400   Zero   RW            1    STACK               startup.o

